avx2_box {'env': {'NPY_DISABLE_CPU_FEATURES': 'X86_V4,AVX512_ICL,AVX512_SPR', 'OPENBLAS_CORETYPE': 'Haswell'}, 'blas': [('libscipy_openblas', 'Haswell', 4)], 'npy_avx512_skx': False}
avx2_box pca_all breast 8.0s
avx2_box pca_all wine 5.7s
avx2_box pca_all digits 8.1s
avx2_box pca_all diabetes 5.4s
avx2_box pca_all synth 8.4s
avx2_box pca_all synth_redund 8.4s
avx2_box pca_95 breast 6.1s
avx2_box pca_95 wine 5.5s
avx2_box pca_95 digits 9.4s
avx2_box pca_95 diabetes 5.9s
avx2_box pca_95 synth 8.4s
avx2_box pca_95 synth_redund 8.7s
avx2_box kmeans8 breast 20.2s
avx2_box kmeans8 wine 19.8s
avx2_box kmeans8 digits 24.8s
avx2_box kmeans8 diabetes 17.2s
avx2_box kmeans8 synth 22.7s
avx2_box kmeans64 breast 17.5s
avx2_box kmeans64 digits 18.8s
avx2_box kmeans64 synth 22.4s
avx2_box yj_std breast 70.9s
avx2_box yj_std wine 52.9s
avx2_box yj_std digits 205.4s
avx2_box yj_std diabetes 35.5s
avx2_box yj_std synth 108.0s
avx2_box yj_std synth_pos 80.9s
avx2_box chi2 breast 14.7s
avx2_box chi2 wine 12.1s
avx2_box chi2 digits 20.6s
avx2_box chi2 synth_pos 18.9s
