default {'env': {}, 'blas': [('libscipy_openblas', 'SkylakeX', 4)], 'npy_avx512_skx': True}
default pca_all breast 8.7s
default pca_all wine 6.9s
default pca_all digits 10.5s
default pca_all diabetes 5.6s
default pca_all synth 10.9s
default pca_all synth_redund 11.9s
default pca_95 breast 9.1s
default pca_95 wine 8.9s
default pca_95 digits 12.8s
default pca_95 diabetes 6.1s
default pca_95 synth 9.5s
default pca_95 synth_redund 9.1s
default kmeans8 breast 18.5s
default kmeans8 wine 19.2s
default kmeans8 digits 19.5s
default kmeans8 diabetes 17.7s
default kmeans8 synth 23.0s
default kmeans64 breast 19.0s
default kmeans64 digits 21.5s
default kmeans64 synth 36.5s
default yj_std breast 131.3s
default yj_std wine 46.2s
default yj_std digits 139.9s
default yj_std diabetes 38.8s
default yj_std synth 76.9s
default yj_std synth_pos 66.8s
default chi2 breast 8.8s
default chi2 wine 6.7s
default chi2 digits 11.1s
default chi2 synth_pos 10.5s
