haswell {'env': {'OPENBLAS_CORETYPE': 'Haswell'}, 'blas': [('libscipy_openblas', 'Haswell', 4)], 'npy_avx512_skx': True}
haswell pca_all breast 8.1s
haswell pca_all wine 7.3s
haswell pca_all digits 9.7s
haswell pca_all diabetes 5.1s
haswell pca_all synth 8.6s
haswell pca_all synth_redund 10.0s
haswell pca_95 breast 9.1s
haswell pca_95 wine 7.6s
haswell pca_95 digits 11.8s
haswell pca_95 diabetes 7.8s
haswell pca_95 synth 8.8s
haswell pca_95 synth_redund 8.2s
haswell kmeans8 breast 17.8s
haswell kmeans8 wine 19.8s
haswell kmeans8 digits 18.9s
haswell kmeans8 diabetes 17.2s
haswell kmeans8 synth 24.0s
haswell kmeans64 breast 20.2s
haswell kmeans64 digits 21.6s
haswell kmeans64 synth 28.8s
haswell yj_std breast 124.5s
haswell yj_std wine 58.1s
haswell yj_std digits 133.5s
haswell yj_std diabetes 37.7s
haswell yj_std synth 79.1s
haswell yj_std synth_pos 62.4s
haswell chi2 breast 9.3s
haswell chi2 wine 8.5s
haswell chi2 digits 11.6s
haswell chi2 synth_pos 9.7s
