pca_95 breast N(50569, 10) duckdb-vs-N mismatches 0/15000 1.5s
pca_95 wine N(50178, 10) duckdb-vs-N mismatches 0/15000 0.1s
pca_95 digits N(51797, 40) duckdb-vs-N mismatches 0/60000 2.4s
pca_95 diabetes N(50442, 8) duckdb-vs-N mismatches 0/12000 0.1s
pca_95 synth N(70000, 19) duckdb-vs-N mismatches 0/28500 0.8s
pca_95 synth_redund N(70000, 15) duckdb-vs-N mismatches 0/22500 0.5s
kmeans8 breast N(50569, 8) duckdb-vs-N mismatches 0/12000 0.3s
kmeans8 wine N(50178, 8) duckdb-vs-N mismatches 0/12000 0.1s
kmeans8 digits N(51797, 8) duckdb-vs-N mismatches 0/12000 0.6s
kmeans8 diabetes N(50442, 8) duckdb-vs-N mismatches 0/12000 0.1s
kmeans8 synth N(70000, 8) duckdb-vs-N mismatches 0/12000 0.4s
kmeans64 breast N(50569, 64) duckdb-vs-N mismatches 0/96000 2.2s
kmeans64 digits N(51797, 64) duckdb-vs-N mismatches 0/96000 4.5s
kmeans64 synth N(70000, 64) duckdb-vs-N mismatches 0/96000 3.3s
yj_std breast N(50569, 30) duckdb-vs-N mismatches 0/45000 1.4s
yj_std wine N(50178, 13) duckdb-vs-N mismatches 0/19500 0.8s
yj_std digits N(51797, 64) duckdb-vs-N mismatches 0/96000 3.4s
yj_std diabetes N(50442, 10) duckdb-vs-N mismatches 0/15000 0.6s
yj_std synth N(70000, 20) duckdb-vs-N mismatches 0/30000 1.8s
yj_std synth_pos N(70000, 20) duckdb-vs-N mismatches 0/30000 1.8s
chi2 breast N(50569, 90) duckdb-vs-N mismatches 0/135000 2.2s
chi2 wine N(50178, 39) duckdb-vs-N mismatches 0/58500 0.7s
chi2 digits N(51797, 192) duckdb-vs-N mismatches 0/288000 3.2s
chi2 synth_pos N(70000, 60) duckdb-vs-N mismatches 0/90000 2.0s
