npy_noavx512 {'env': {'NPY_DISABLE_CPU_FEATURES': 'X86_V4,AVX512_ICL,AVX512_SPR'}, 'blas': [('libscipy_openblas', 'SkylakeX', 4)], 'npy_avx512_skx': False}
npy_noavx512 pca_all breast 8.2s
npy_noavx512 pca_all wine 6.4s
npy_noavx512 pca_all digits 9.8s
npy_noavx512 pca_all diabetes 5.2s
npy_noavx512 pca_all synth 9.2s
npy_noavx512 pca_all synth_redund 8.9s
npy_noavx512 pca_95 breast 7.0s
npy_noavx512 pca_95 wine 6.3s
npy_noavx512 pca_95 digits 10.6s
npy_noavx512 pca_95 diabetes 5.8s
npy_noavx512 pca_95 synth 9.7s
npy_noavx512 pca_95 synth_redund 11.0s
npy_noavx512 kmeans8 breast 22.2s
npy_noavx512 kmeans8 wine 21.0s
npy_noavx512 kmeans8 digits 24.2s
npy_noavx512 kmeans8 diabetes 15.3s
npy_noavx512 kmeans8 synth 22.2s
npy_noavx512 kmeans64 breast 17.8s
npy_noavx512 kmeans64 digits 18.2s
npy_noavx512 kmeans64 synth 21.9s
npy_noavx512 yj_std breast 78.7s
npy_noavx512 yj_std wine 87.4s
npy_noavx512 yj_std digits 180.7s
npy_noavx512 yj_std diabetes 44.2s
npy_noavx512 yj_std synth 103.0s
npy_noavx512 yj_std synth_pos 99.4s
npy_noavx512 chi2 breast 16.7s
npy_noavx512 chi2 wine 8.1s
npy_noavx512 chi2 digits 12.5s
npy_noavx512 chi2 synth_pos 9.5s
