sandybridge {'env': {'OPENBLAS_CORETYPE': 'Sandybridge'}, 'blas': [('libscipy_openblas', 'Sandybridge', 4)], 'npy_avx512_skx': True}
sandybridge pca_all breast 7.6s
sandybridge pca_all wine 7.1s
sandybridge pca_all digits 10.5s
sandybridge pca_all diabetes 5.1s
sandybridge pca_all synth 9.2s
sandybridge pca_all synth_redund 9.6s
sandybridge pca_95 breast 8.3s
sandybridge pca_95 wine 7.3s
sandybridge pca_95 digits 11.1s
sandybridge pca_95 diabetes 6.6s
sandybridge pca_95 synth 9.0s
sandybridge pca_95 synth_redund 8.3s
sandybridge kmeans8 breast 19.5s
sandybridge kmeans8 wine 19.1s
sandybridge kmeans8 digits 18.5s
sandybridge kmeans8 diabetes 16.3s
sandybridge kmeans8 synth 24.7s
sandybridge kmeans64 breast 20.3s
sandybridge kmeans64 digits 19.7s
sandybridge kmeans64 synth 25.0s
sandybridge yj_std breast 124.0s
sandybridge yj_std wine 63.2s
sandybridge yj_std digits 137.1s
sandybridge yj_std diabetes 38.5s
sandybridge yj_std synth 80.4s
sandybridge yj_std synth_pos 67.1s
sandybridge chi2 breast 11.2s
sandybridge chi2 wine 6.6s
sandybridge chi2 digits 11.6s
sandybridge chi2 synth_pos 10.3s
