sse_box {'env': {'NPY_DISABLE_CPU_FEATURES': 'X86_V3,X86_V4,AVX512_ICL,AVX512_SPR', 'OPENBLAS_CORETYPE': 'Nehalem'}, 'blas': [('libscipy_openblas', 'Nehalem', 4)], 'npy_avx512_skx': False}
sse_box pca_all breast 7.8s
sse_box pca_all wine 5.3s
sse_box pca_all digits 8.6s
sse_box pca_all diabetes 5.6s
sse_box pca_all synth 8.8s
sse_box pca_all synth_redund 8.5s
sse_box pca_95 breast 7.1s
sse_box pca_95 wine 5.4s
sse_box pca_95 digits 9.6s
sse_box pca_95 diabetes 6.3s
sse_box pca_95 synth 8.4s
sse_box pca_95 synth_redund 8.6s
sse_box kmeans8 breast 24.2s
sse_box kmeans8 wine 21.2s
sse_box kmeans8 digits 26.4s
sse_box kmeans8 diabetes 14.7s
sse_box kmeans8 synth 21.8s
sse_box kmeans64 breast 17.7s
sse_box kmeans64 digits 19.0s
sse_box kmeans64 synth 21.9s
sse_box yj_std breast 75.3s
sse_box yj_std wine 66.8s
sse_box yj_std digits 194.8s
sse_box yj_std diabetes 40.3s
sse_box yj_std synth 104.6s
sse_box yj_std synth_pos 92.1s
sse_box chi2 breast 15.9s
sse_box chi2 wine 12.1s
sse_box chi2 digits 19.2s
sse_box chi2 synth_pos 12.1s
