threads1 {'env': {'OPENBLAS_NUM_THREADS': '1'}, 'blas': [('libscipy_openblas', 'SkylakeX', 1)], 'npy_avx512_skx': True}
threads1 pca_all breast 9.2s
threads1 pca_all wine 8.2s
threads1 pca_all digits 10.2s
threads1 pca_all diabetes 5.8s
threads1 pca_all synth 11.5s
threads1 pca_all synth_redund 10.7s
threads1 pca_95 breast 9.2s
threads1 pca_95 wine 8.2s
threads1 pca_95 digits 12.1s
threads1 pca_95 diabetes 5.8s
threads1 pca_95 synth 9.0s
threads1 pca_95 synth_redund 9.2s
threads1 kmeans8 breast 19.9s
threads1 kmeans8 wine 19.1s
threads1 kmeans8 digits 19.6s
threads1 kmeans8 diabetes 15.6s
threads1 kmeans8 synth 24.7s
threads1 kmeans64 breast 19.0s
threads1 kmeans64 digits 21.4s
threads1 kmeans64 synth 36.2s
threads1 yj_std breast 132.5s
threads1 yj_std wine 46.7s
threads1 yj_std digits 145.4s
threads1 yj_std diabetes 36.1s
threads1 yj_std synth 76.7s
threads1 yj_std synth_pos 65.1s
threads1 chi2 breast 8.2s
threads1 chi2 wine 6.5s
threads1 chi2 digits 10.8s
threads1 chi2 synth_pos 10.4s
