data       n | dot eps*S0: LTR-SKX  LTR-ex  SKX-ex SNB-SKX | lane K: e-SKX Srec e-SKX S2 bat-row SNB-SKX Srec SNB-SKX S2 e-SNB S2 | maxK/sqrt n max ulps e-SKX
toep       4 |                1.03    1.02    0.53    1.03 |               0.51     0.51    0.51         0.77       0.77     0.26 |      0.256       1.81e+14
hetero     4 |                1.62    0.99    0.99    1.62 |               0.90     0.90    0.97         1.13       1.13     0.93 |      0.451       1.59e+11
zmean      4 |                1.28    1.27    1.00    1.28 |               1.28     1.28    1.59         1.28       1.28     0.00 |      0.641       6.14e+03
toep      16 |                1.55    1.55    0.58    1.03 |               0.86     0.77    0.77         0.77       0.77     1.03 |      0.216       6.81e+14
hetero    16 |                2.87    2.86    1.91    2.86 |               2.11     1.98    1.98         2.39       2.39     1.98 |      0.527       8.95e+18
zmean     16 |                2.11    2.11    1.18    1.58 |               2.11     2.11    1.65         1.58       1.58     1.62 |      0.527       1.18e+04
toep      32 |                2.96    2.96    0.74    1.48 |               1.52     1.48    1.48         1.34       0.74     1.48 |      0.269       1.26e+15
hetero    32 |                3.39    3.11    1.87    2.49 |               2.84     2.43    2.43         2.65       2.37     2.43 |      0.502       4.46e+18
zmean     32 |                1.82    1.60    0.95    1.24 |               1.82     1.82    1.85         1.24       1.24     1.81 |      0.322        3.2e+03
toep      64 |                3.84    3.84    1.10    2.19 |               1.92     1.92    2.19         1.65       1.65     2.47 |      0.240       5.06e+14
hetero    64 |                4.01    4.01    2.46    2.81 |               3.76     3.31    3.31         2.51       2.18     3.11 |      0.470       1.87e+13
zmean     64 |                1.72    1.72    0.99    1.22 |               1.72     1.72    1.97         1.22       1.22     1.88 |      0.215       6.91e+03
toep     128 |                5.20    5.20    1.49    2.97 |               2.73     2.60    2.97         1.88       1.86     2.60 |      0.241       4.43e+18
hetero   128 |                4.87    4.33    1.80    2.72 |               4.48     3.17    3.36         2.54       2.01     3.83 |      0.396        1.4e+12
zmean    128 |                2.25    2.41    0.74    1.15 |               2.25     2.25    2.25         1.15       1.15     2.74 |      0.199       9.63e+04
toep     512 |                7.03    7.03    2.07    5.38 |               4.52     3.51    2.18         3.72       2.89     5.02 |      0.200       2.18e+15
hetero   512 |                7.82    9.15    4.96    6.95 |               6.31     5.16    3.99         5.64       4.78     6.37 |      0.279        1.9e+13
zmean    512 |                1.70    1.66    0.65    1.24 |               1.70     1.70    1.34         1.24       1.24     2.10 |      0.075       8.35e+04
toep    2048 |               11.03   11.03    2.88    6.24 |               6.94     5.52    2.02         4.61       3.21     6.95 |      0.153       8.86e+18
hetero  2048 |               15.06   14.24    5.65    9.62 |              14.72    13.11    4.10         9.49       7.83    16.05 |      0.325       9.94e+12
zmean   2048 |                2.07    1.93    0.91    1.02 |               2.07     2.07    0.82         1.02       1.02     1.96 |      0.046       4.71e+04
