| estimator | k | variant | build s | µs / 64-row call | µs / row @64 | µs / row @10k | Δ µs/row @10k |
|---|---|---|---|---|---|---|---|
| StandardScaler | 1 | none (answers on inf) | 0.001 | 14.7 | 0.230 | 0.0256 | +0.0000 |
| StandardScaler | 1 | inf (raises on inf) | 0.001 | 14.2 | 0.223 | 0.0374 | +0.0119 |
| StandardScaler | 1 | fin (raises on inf) | 0.001 | 13.0 | 0.203 | 0.0486 | +0.0230 |
| StandardScaler | 1 | all (raises on inf) | 0.001 | 15.7 | 0.245 | 0.0491 | +0.0236 |
| StandardScaler | 4 | none (answers on inf) | 0.002 | 33.9 | 0.530 | 0.1190 | +0.0000 |
| StandardScaler | 4 | inf (raises on inf) | 0.003 | 36.7 | 0.574 | 0.1676 | +0.0486 |
| StandardScaler | 4 | fin (raises on inf) | 0.004 | 40.1 | 0.627 | 0.2112 | +0.0922 |
| StandardScaler | 4 | all (raises on inf) | 0.008 | 60.9 | 0.952 | 0.3275 | +0.2085 |
| StandardScaler | 4 | twin (PythonTransform) | - | 6262 | 97.8 | - | - |
| StandardScaler | 16 | none (answers on inf) | 0.008 | 117.9 | 1.841 | 0.6235 | +0.0000 |
| StandardScaler | 16 | inf (raises on inf) | 0.012 | 131.9 | 2.060 | 0.7775 | +0.1540 |
| StandardScaler | 16 | fin (raises on inf) | 0.017 | 149.3 | 2.333 | 1.1049 | +0.4814 |
| StandardScaler | 16 | all (raises on inf) | 0.043 | 170.8 | 2.668 | 1.2003 | +0.5768 |
| StandardScaler | 32 | none (answers on inf) | 0.015 | 230.5 | 3.601 | 1.2940 | +0.0000 |
| StandardScaler | 32 | inf (raises on inf) | 0.034 | 273.4 | 4.271 | 1.7551 | +0.4612 |
| StandardScaler | 32 | fin (raises on inf) | 0.051 | 321.3 | 5.021 | 2.4643 | +1.1703 |
| StandardScaler | 32 | all (raises on inf) | 0.174 | 406.1 | 6.345 | 3.5761 | +2.2822 |
| KBins(ordinal,5) | 1 | none (answers on inf) | 0.002 | 16.2 | 0.254 | 0.0600 | +0.0000 |
| KBins(ordinal,5) | 1 | inf (raises on inf) | 0.002 | 15.7 | 0.246 | 0.0678 | +0.0078 |
| KBins(ordinal,5) | 1 | fin (raises on inf) | 0.002 | 15.9 | 0.249 | 0.0942 | +0.0342 |
| KBins(ordinal,5) | 1 | all (raises on inf) | 0.002 | 18.8 | 0.294 | 0.0896 | +0.0296 |
| KBins(ordinal,5) | 4 | none (answers on inf) | 0.005 | 50.8 | 0.793 | 0.2782 | +0.0000 |
| KBins(ordinal,5) | 4 | inf (raises on inf) | 0.006 | 56.3 | 0.879 | 0.3347 | +0.0566 |
| KBins(ordinal,5) | 4 | fin (raises on inf) | 0.007 | 55.6 | 0.868 | 0.4040 | +0.1259 |
| KBins(ordinal,5) | 4 | all (raises on inf) | 0.009 | 62.4 | 0.975 | 0.4503 | +0.1721 |
| KBins(ordinal,5) | 4 | twin (PythonTransform) | - | 6351 | 99.2 | - | - |
| KBins(ordinal,5) | 16 | none (answers on inf) | 0.014 | 160.8 | 2.512 | 1.1450 | +0.0000 |
| KBins(ordinal,5) | 16 | inf (raises on inf) | 0.020 | 179.2 | 2.800 | 1.3812 | +0.2362 |
| KBins(ordinal,5) | 16 | fin (raises on inf) | 0.024 | 210.3 | 3.287 | 1.6404 | +0.4955 |
| KBins(ordinal,5) | 16 | all (raises on inf) | 0.060 | 216.6 | 3.384 | 1.7961 | +0.6511 |
| KBins(ordinal,5) | 32 | none (answers on inf) | 0.028 | 379.7 | 5.933 | 4.0119 | +0.0000 |
| KBins(ordinal,5) | 32 | inf (raises on inf) | 0.043 | 462.0 | 7.218 | 4.9050 | +0.8931 |
| KBins(ordinal,5) | 32 | fin (raises on inf) | 0.062 | 569.3 | 8.896 | 6.4004 | +2.3885 |
| KBins(ordinal,5) | 32 | all (raises on inf) | 0.177 | 607.1 | 9.486 | 6.9616 | +2.9496 |
| Quantile(100) | 1 | none (answers on inf) | 0.069 | 47.4 | 0.741 | 0.3742 | +0.0000 |
| Quantile(100) | 1 | inf (raises on inf) | 0.063 | 44.4 | 0.693 | 0.4054 | +0.0312 |
| Quantile(100) | 1 | fin (raises on inf) | 0.070 | 48.5 | 0.757 | 0.4126 | +0.0384 |
| Quantile(100) | 1 | all (raises on inf) | 0.079 | 48.8 | 0.763 | 0.4088 | +0.0346 |
| Quantile(100) | 4 | none (answers on inf) | 0.363 | 518.5 | 8.102 | 2.9715 | +0.0000 |
| Quantile(100) | 4 | inf (raises on inf) | 0.444 | 369.4 | 5.771 | 3.0222 | +0.0507 |
| Quantile(100) | 4 | fin (raises on inf) | 0.402 | 344.1 | 5.376 | 3.1911 | +0.2196 |
| Quantile(100) | 4 | all (raises on inf) | 0.503 | 598.3 | 9.348 | 2.8558 | -0.1157 |
| Quantile(100) | 4 | twin (PythonTransform) | - | 8553 | 133.6 | - | - |
| Quantile(100) | 16 | none (answers on inf) | 1.983 | 1745.4 | 27.272 | 18.1974 | +0.0000 |
| Quantile(100) | 16 | inf (raises on inf) | 1.929 | 2003.8 | 31.309 | 20.0131 | +1.8157 |
| Quantile(100) | 16 | fin (raises on inf) | 2.039 | 1894.3 | 29.598 | 20.8345 | +2.6371 |
| Quantile(100) | 16 | all (raises on inf) | 2.063 | 2102.5 | 32.852 | 21.3087 | +3.1113 |
| Quantile(100) | 32 | none (answers on inf) | 3.700 | 3765.3 | 58.833 | 46.6495 | +0.0000 |
| Quantile(100) | 32 | inf (raises on inf) | 4.996 | 4291.8 | 67.060 | 50.2140 | +3.5645 |
| Quantile(100) | 32 | fin (raises on inf) | 5.076 | 4591.8 | 71.747 | 52.1343 | +5.4847 |
| Quantile(100) | 32 | all (raises on inf) | 5.565 | 4827.6 | 75.432 | 53.7040 | +7.0545 |
