StandardScaler, 32 features, 10,000-row calls: µs/row (Δ vs none)
  none       1.426  (IQR 1.360-1.962)  Δ +0.000 = +0.0 ns/feature
  inf_abs    1.943  (IQR 1.871-2.037)  Δ +0.517 = +16.1 ns/feature
  fin_abs    2.518  (IQR 2.443-2.785)  Δ +1.092 = +34.1 ns/feature
  fin_range  2.731  (IQR 2.546-2.893)  Δ +1.304 = +40.8 ns/feature
  nan_out    2.417  (IQR 2.228-3.048)  Δ +0.991 = +31.0 ns/feature
  traps inf_abs    on [inf, -inf, nan, None, 1.7976931348623157e+308, -1.7976931348623157e+308, 5e-324, -0.0]: confit ['ERR', 'ERR', 'nan', 'nan', '8.614044275595002e+307', '-8.614044275595002e+307', '-2.371553281366771', '-2.371553281366771'] duckdb-same=True
  traps fin_abs    on [inf, -inf, nan, None, 1.7976931348623157e+308, -1.7976931348623157e+308, 5e-324, -0.0]: confit ['ERR', 'ERR', 'ERR', 'ERR', '8.614044275595002e+307', '-8.614044275595002e+307', '-2.371553281366771', '-2.371553281366771'] duckdb-same=True
  traps fin_range  on [inf, -inf, nan, None, 1.7976931348623157e+308, -1.7976931348623157e+308, 5e-324, -0.0]: confit ['ERR', 'ERR', 'ERR', 'ERR', '8.614044275595002e+307', '-8.614044275595002e+307', '-2.371553281366771', '-2.371553281366771'] duckdb-same=True
  traps nan_out    on [inf, -inf, nan, None, 1.7976931348623157e+308, -1.7976931348623157e+308, 5e-324, -0.0]: confit ['nan', 'nan', 'nan', 'nan', '8.614044275595002e+307', '-8.614044275595002e+307', '-2.371553281366771', '-2.371553281366771'] duckdb-same=True
KBins(ordinal,5), 32 features, 10,000-row calls: µs/row (Δ vs none)
  none       3.418  (IQR 3.200-3.525)  Δ +0.000 = +0.0 ns/feature
  inf_abs    4.585  (IQR 4.514-4.851)  Δ +1.168 = +36.5 ns/feature
  fin_abs    6.197  (IQR 6.090-7.178)  Δ +2.779 = +86.8 ns/feature
  fin_range  6.384  (IQR 6.190-6.829)  Δ +2.967 = +92.7 ns/feature
  nan_out    6.116  (IQR 5.924-6.460)  Δ +2.698 = +84.3 ns/feature
  traps inf_abs    on [inf, -inf, nan, None, 1.7976931348623157e+308, -1.7976931348623157e+308, 5e-324, -0.0]: confit ['ERR', 'ERR', '4.0', '4.0', '4.0', '0.0', '0.0', '0.0'] duckdb-same=True
  traps fin_abs    on [inf, -inf, nan, None, 1.7976931348623157e+308, -1.7976931348623157e+308, 5e-324, -0.0]: confit ['ERR', 'ERR', 'ERR', 'ERR', '4.0', '0.0', '0.0', '0.0'] duckdb-same=True
  traps fin_range  on [inf, -inf, nan, None, 1.7976931348623157e+308, -1.7976931348623157e+308, 5e-324, -0.0]: confit ['ERR', 'ERR', 'ERR', 'ERR', '4.0', '0.0', '0.0', '0.0'] duckdb-same=True
  traps nan_out    on [inf, -inf, nan, None, 1.7976931348623157e+308, -1.7976931348623157e+308, 5e-324, -0.0]: confit ['nan', 'nan', 'nan', 'nan', '4.0', '0.0', '0.0', '0.0'] duckdb-same=True
