constant  deg1 x=inf: EQUAL  twin [0.0, 0.0, 0.0, 1.0]  entry [0.0, 0.0, 0.0, 1.0]
constant  deg1 x=-inf: EQUAL  twin [1.0, 0.0, 0.0, 0.0]  entry [1.0, 0.0, 0.0, 0.0]
constant  deg1 x=nan: EQUAL  twin [0.0, 0.0, 0.0, 0.0]  entry [0.0, 0.0, 0.0, 0.0]
constant  deg1 x=1e+308: EQUAL  twin [0.0, 0.0, 0.0, 1.0]  entry [0.0, 0.0, 0.0, 1.0]
constant  deg3 x=inf: EQUAL  twin [0.0, 0.0, 0.0, 0.1667, 0.6667, 0.1667]  entry [0.0, 0.0, 0.0, 0.1667, 0.6667, 0.1667]
constant  deg3 x=-inf: EQUAL  twin [0.1667, 0.6667, 0.1667, 0.0, 0.0, 0.0]  entry [0.1667, 0.6667, 0.1667, 0.0, 0.0, 0.0]
constant  deg3 x=nan: EQUAL  twin [0.0, 0.0, 0.0, 0.0, 0.0, 0.0]  entry [0.0, 0.0, 0.0, 0.0, 0.0, 0.0]
constant  deg3 x=1e+308: EQUAL  twin [0.0, 0.0, 0.0, 0.1667, 0.6667, 0.1667]  entry [0.0, 0.0, 0.0, 0.1667, 0.6667, 0.1667]
linear    deg1 x=inf: EQUAL  twin [0.0, 0.0, -inf, inf]  entry [0.0, 0.0, -inf, inf]
linear    deg1 x=-inf: EQUAL  twin [inf, -inf, 0.0, 0.0]  entry [inf, -inf, 0.0, 0.0]
linear    deg1 x=nan: EQUAL  twin [0.0, 0.0, 0.0, 0.0]  entry [0.0, 0.0, 0.0, 0.0]
linear    deg1 x=1e+308: EQUAL  twin [0.0, 0.0, -3.351864331083897e+307, 3.351864331083897e+307]  entry [0.0, 0.0, -3.351864331083897e+307, 3.351864331083897e+307]
linear    deg3 x=inf: EQUAL  twin [0.0, 0.0, 0.0, -inf, inf, inf]  entry [0.0, 0.0, 0.0, -inf, inf, inf]
linear    deg3 x=-inf: EQUAL  twin [inf, inf, -inf, 0.0, 0.0, 0.0]  entry [inf, inf, -inf, 0.0, 0.0, 0.0]
linear    deg3 x=nan: EQUAL  twin [0.0, 0.0, 0.0, 0.0, 0.0, 0.0]  entry [0.0, 0.0, 0.0, 0.0, 0.0, 0.0]
linear    deg3 x=1e+308: EQUAL  twin [0.0, 0.0, 0.0, -1.6759321655419486e+307, 8.326672684688674e+291, 1.675932165541948e+307]  entry [0.0, 0.0, 0.0, -1.6759321655419486e+307, 8.326672684688674e+291, 1.675932165541948e+307]
continue  deg1 x=inf: EQUAL  twin [nan, nan, nan, nan]  entry [nan, nan, nan, nan]
continue  deg1 x=-inf: EQUAL  twin [nan, nan, nan, nan]  entry [nan, nan, nan, nan]
continue  deg1 x=nan: EQUAL  twin [0.0, 0.0, 0.0, 0.0]  entry [0.0, 0.0, 0.0, 0.0]
continue  deg1 x=1e+308: EQUAL  twin [0.0, 0.0, -3.351864331083897e+307, 3.351864331083897e+307]  entry [0.0, 0.0, -3.351864331083897e+307, 3.351864331083897e+307]
continue  deg3 x=inf: EQUAL  twin [nan, nan, nan, nan, nan, nan]  entry [nan, nan, nan, nan, nan, nan]
continue  deg3 x=-inf: EQUAL  twin [nan, nan, nan, nan, nan, nan]  entry [nan, nan, nan, nan, nan, nan]
continue  deg3 x=nan: EQUAL  twin [0.0, 0.0, 0.0, 0.0, 0.0, 0.0]  entry [0.0, 0.0, 0.0, 0.0, 0.0, 0.0]
continue  deg3 x=1e+308: EQUAL  twin [nan, nan, nan, nan, nan, nan]  entry [nan, nan, nan, nan, nan, nan]
periodic  deg1 x=inf: DIFFER  twin [nan, nan, nan]  entry [nan, 0.0, nan]
periodic  deg1 x=-inf: DIFFER  twin [nan, nan, nan]  entry [nan, 0.0, nan]
periodic  deg1 x=nan: EQUAL  twin [0.0, 0.0, 0.0]  entry [0.0, 0.0, 0.0]
periodic  deg1 x=1e+308: EQUAL  twin [0.0, 0.2173, 0.7827]  entry [0.0, 0.2173, 0.7827]
periodic  deg3 x=inf: EQUAL  twin [nan, nan, nan]  entry [nan, nan, nan]
periodic  deg3 x=-inf: EQUAL  twin [nan, nan, nan]  entry [nan, nan, nan]
periodic  deg3 x=nan: EQUAL  twin [0.0, 0.0, 0.0]  entry [0.0, 0.0, 0.0]
periodic  deg3 x=1e+308: EQUAL  twin [0.6246, 0.0816, 0.2938]  entry [0.6246, 0.0816, 0.2938]
error     deg1 x=inf: twin RAISES udf 'tf' raised: ValueError: `X` contains values beyond the limits of the knots. | entry [{'f0': nan, 'f1': nan, 'f2': nan, 'f3': nan}]
error     deg1 x=-inf: twin RAISES udf 'tf' raised: ValueError: `X` contains values beyond the limits of the knots. | entry [{'f0': nan, 'f1': nan, 'f2': nan, 'f3': nan}]
error     deg1 x=nan: EQUAL  twin [0.0, 0.0, 0.0, 0.0]  entry [0.0, 0.0, 0.0, 0.0]
error     deg1 x=1e+308: twin RAISES udf 'tf' raised: ValueError: `X` contains values beyond the limits of the knots. | entry [{'f0': nan, 'f1': nan, 'f2': nan, 'f3': nan}]
error     deg3 x=inf: twin RAISES udf 'tf' raised: ValueError: `X` contains values beyond the limits of the knots. | entry [{'f0': nan, 'f1': nan, 'f2': nan, 'f3': nan, 'f4': nan, 'f5': nan}]
error     deg3 x=-inf: twin RAISES udf 'tf' raised: ValueError: `X` contains values beyond the limits of the knots. | entry [{'f0': nan, 'f1': nan, 'f2': nan, 'f3': nan, 'f4': nan, 'f5': nan}]
error     deg3 x=nan: EQUAL  twin [0.0, 0.0, 0.0, 0.0, 0.0, 0.0]  entry [0.0, 0.0, 0.0, 0.0, 0.0, 0.0]
error     deg3 x=1e+308: twin RAISES udf 'tf' raised: ValueError: `X` contains values beyond the limits of the knots. | entry [{'f0': nan, 'f1': nan, 'f2': nan, 'f3': nan, 'f4': nan, 'f5': nan}]
