RBFSampler nf=4 gamma=0.1 std                        lanes= 12000 ulp max=1.85e+04 p99=17 | K_term max=0.867 p99=0.463 | K_mag max=1.21 | np.cos!=glibc 0 | np.log!=glibc 0
RBFSampler nf=4 gamma=0.1 offset100                  lanes= 12000 ulp max=2.97e+05 p99=1.74e+03 | K_term max=1.314 p99=0.652 | K_mag max=30.5 | np.cos!=glibc 0 | np.log!=glibc 0
RBFSampler nf=4 gamma=1.0 std                        lanes= 12000 ulp max=4.63e+03 p99=37 | K_term max=1.052 p99=0.525 | K_mag max=3.4 | np.cos!=glibc 0 | np.log!=glibc 0
RBFSampler nf=4 gamma=1.0 offset100                  lanes= 12000 ulp max=1.48e+05 p99=4.63e+03 | K_term max=1.737 p99=0.743 | K_mag max=128 | np.cos!=glibc 0 | np.log!=glibc 0
RBFSampler nf=4 gamma=scale std                      lanes= 12000 ulp max=2.32e+03 p99=35 | K_term max=0.882 p99=0.507 | K_mag max=1.79 | np.cos!=glibc 0 | np.log!=glibc 0
RBFSampler nf=4 gamma=scale offset100                lanes= 12000 ulp max=2.82e+06 p99=3.77e+03 | K_term max=1.568 p99=0.731 | K_mag max=35.4 | np.cos!=glibc 0 | np.log!=glibc 0
RBFSampler nf=16 gamma=0.1 std                       lanes= 12000 ulp max=3.71e+04 p99=73 | K_term max=1.204 p99=0.536 | K_mag max=3.87 | np.cos!=glibc 0 | np.log!=glibc 0
RBFSampler nf=16 gamma=0.1 offset100                 lanes= 12000 ulp max=5.93e+05 p99=9.27e+03 | K_term max=1.152 p99=0.561 | K_mag max=99.8 | np.cos!=glibc 0 | np.log!=glibc 0
RBFSampler nf=16 gamma=1.0 std                       lanes= 12000 ulp max=1.85e+04 p99=289 | K_term max=1.545 p99=0.642 | K_mag max=7.17 | np.cos!=glibc 0 | np.log!=glibc 0
RBFSampler nf=16 gamma=1.0 offset100                 lanes= 12000 ulp max=2.37e+06 p99=3.7e+04 | K_term max=1.165 p99=0.567 | K_mag max=265 | np.cos!=glibc 0 | np.log!=glibc 0
RBFSampler nf=16 gamma=scale std                     lanes= 12000 ulp max=1.85e+04 p99=72 | K_term max=1.231 p99=0.520 | K_mag max=2.9 | np.cos!=glibc 0 | np.log!=glibc 0
RBFSampler nf=16 gamma=scale offset100               lanes= 12000 ulp max=5.93e+05 p99=9.26e+03 | K_term max=1.134 p99=0.579 | K_mag max=91.7 | np.cos!=glibc 0 | np.log!=glibc 0
RBFSampler nf=64 gamma=0.1 std                       lanes= 12000 ulp max=7.41e+04 p99=290 | K_term max=1.171 p99=0.602 | K_mag max=10.1 | np.cos!=glibc 0 | np.log!=glibc 0
RBFSampler nf=64 gamma=0.1 offset100                 lanes= 12000 ulp max=2.97e+06 p99=3.7e+04 | K_term max=1.118 p99=0.597 | K_mag max=124 | np.cos!=glibc 0 | np.log!=glibc 0
RBFSampler nf=64 gamma=1.0 std                       lanes= 12000 ulp max=7.41e+04 p99=1.16e+03 | K_term max=1.678 p99=0.693 | K_mag max=34.3 | np.cos!=glibc 0 | np.log!=glibc 0
RBFSampler nf=64 gamma=1.0 offset100                 lanes= 12000 ulp max=2.37e+07 p99=1.11e+05 | K_term max=1.370 p99=0.618 | K_mag max=64.7 | np.cos!=glibc 0 | np.log!=glibc 0
RBFSampler nf=64 gamma=scale std                     lanes= 12000 ulp max=7.41e+04 p99=145 | K_term max=1.193 p99=0.530 | K_mag max=6.18 | np.cos!=glibc 0 | np.log!=glibc 0
RBFSampler nf=64 gamma=scale offset100               lanes= 12000 ulp max=4.75e+06 p99=1.39e+04 | K_term max=1.188 p99=0.577 | K_mag max=115 | np.cos!=glibc 0 | np.log!=glibc 0
SkewedChi2 nf=4 s=1.0 unif0-10                       lanes= 12000 ulp max=1.16e+03 p99=18 | K_term max=0.996 p99=0.489 | K_mag max=2.01 | np.cos!=glibc 0 | np.log!=glibc 0
SkewedChi2 nf=4 s=1.0 lognormal                      lanes= 12000 ulp max=2.32e+03 p99=18 | K_term max=0.970 p99=0.485 | K_mag max=1.7 | np.cos!=glibc 0 | np.log!=glibc 3
SkewedChi2 nf=4 s=1.0 sparsehist                     lanes= 12000 ulp max=1.16e+03 p99=5 | K_term max=0.755 p99=0.317 | K_mag max=0.782 | np.cos!=glibc 0 | np.log!=glibc 0
SkewedChi2 nf=4 s=0.01 unif0-10                      lanes= 12000 ulp max=1.16e+03 p99=18 | K_term max=0.857 p99=0.495 | K_mag max=1.7 | np.cos!=glibc 0 | np.log!=glibc 0
SkewedChi2 nf=4 s=0.01 lognormal                     lanes= 12000 ulp max=9.27e+03 p99=35 | K_term max=1.009 p99=0.496 | K_mag max=1.78 | np.cos!=glibc 0 | np.log!=glibc 0
SkewedChi2 nf=4 s=0.01 sparsehist                    lanes= 12000 ulp max=9.27e+03 p99=36 | K_term max=1.396 p99=0.572 | K_mag max=1.86 | np.cos!=glibc 0 | np.log!=glibc 0
SkewedChi2 nf=16 s=1.0 unif0-10                      lanes= 12000 ulp max=1.39e+04 p99=145 | K_term max=1.396 p99=0.563 | K_mag max=5.1 | np.cos!=glibc 0 | np.log!=glibc 1
SkewedChi2 nf=16 s=1.0 lognormal                     lanes= 12000 ulp max=9.27e+03 p99=145 | K_term max=1.436 p99=0.621 | K_mag max=5.13 | np.cos!=glibc 0 | np.log!=glibc 6
SkewedChi2 nf=16 s=1.0 sparsehist                    lanes= 12000 ulp max=1.85e+04 p99=36 | K_term max=0.941 p99=0.482 | K_mag max=2.54 | np.cos!=glibc 0 | np.log!=glibc 0
SkewedChi2 nf=16 s=0.01 unif0-10                     lanes= 12000 ulp max=7.41e+04 p99=145 | K_term max=1.343 p99=0.559 | K_mag max=5.2 | np.cos!=glibc 0 | np.log!=glibc 0
SkewedChi2 nf=16 s=0.01 lognormal                    lanes= 12000 ulp max=2.97e+05 p99=145 | K_term max=1.264 p99=0.596 | K_mag max=6.1 | np.cos!=glibc 0 | np.log!=glibc 5
SkewedChi2 nf=16 s=0.01 sparsehist                   lanes= 12000 ulp max=3.71e+04 p99=289 | K_term max=1.517 p99=0.712 | K_mag max=6.78 | np.cos!=glibc 0 | np.log!=glibc 0
SkewedChi2 nf=64 s=1.0 unif0-10                      lanes= 12000 ulp max=1.19e+06 p99=579 | K_term max=1.847 p99=0.595 | K_mag max=14.9 | np.cos!=glibc 0 | np.log!=glibc 7
SkewedChi2 nf=64 s=1.0 lognormal                     lanes= 12000 ulp max=3.71e+04 p99=579 | K_term max=1.890 p99=0.733 | K_mag max=18.4 | np.cos!=glibc 0 | np.log!=glibc 34
SkewedChi2 nf=64 s=1.0 sparsehist                    lanes= 12000 ulp max=9.27e+03 p99=145 | K_term max=1.196 p99=0.527 | K_mag max=6.55 | np.cos!=glibc 0 | np.log!=glibc 0
SkewedChi2 nf=64 s=0.01 unif0-10                     lanes= 12000 ulp max=3.71e+04 p99=579 | K_term max=1.417 p99=0.596 | K_mag max=14.8 | np.cos!=glibc 0 | np.log!=glibc 12
SkewedChi2 nf=64 s=0.01 lognormal                    lanes= 12000 ulp max=1.48e+05 p99=579 | K_term max=1.645 p99=0.683 | K_mag max=16.6 | np.cos!=glibc 0 | np.log!=glibc 10
SkewedChi2 nf=64 s=0.01 sparsehist                   lanes= 12000 ulp max=1.48e+05 p99=1.16e+03 | K_term max=2.513 p99=0.740 | K_mag max=22.9 | np.cos!=glibc 0 | np.log!=glibc 0
POOLED max K_term=2.513  max ulps=2.37e+07
elapsed 1.1s
