RBFSampler nf=4 gamma=0.1 std                        lanes=100000 ulp max=1.48e+05 p99=17 | K_term max=1.230 p99=0.476 | K_mag max=1.61 | np.cos!=glibc 0 | np.log!=glibc 0
RBFSampler nf=4 gamma=0.1 offset100                  lanes=100000 ulp max=2.97e+06 p99=2.31e+03 | K_term max=1.441 p99=0.668 | K_mag max=37 | np.cos!=glibc 0 | np.log!=glibc 0
RBFSampler nf=4 gamma=1.0 std                        lanes=100000 ulp max=3.71e+04 p99=37 | K_term max=1.421 p99=0.550 | K_mag max=3.48 | np.cos!=glibc 0 | np.log!=glibc 0
RBFSampler nf=4 gamma=1.0 offset100                  lanes=100000 ulp max=4.75e+06 p99=4.63e+03 | K_term max=1.737 p99=0.730 | K_mag max=176 | np.cos!=glibc 0 | np.log!=glibc 0
RBFSampler nf=4 gamma=scale std                      lanes=100000 ulp max=7.41e+04 p99=18 | K_term max=1.249 p99=0.500 | K_mag max=1.85 | np.cos!=glibc 0 | np.log!=glibc 0
RBFSampler nf=4 gamma=scale offset100                lanes=100000 ulp max=4.75e+06 p99=2.9e+03 | K_term max=1.704 p99=0.718 | K_mag max=92.2 | np.cos!=glibc 0 | np.log!=glibc 0
RBFSampler nf=16 gamma=0.1 std                       lanes=100000 ulp max=4.75e+06 p99=73 | K_term max=1.283 p99=0.515 | K_mag max=4.43 | np.cos!=glibc 0 | np.log!=glibc 0
RBFSampler nf=16 gamma=0.1 offset100                 lanes=100000 ulp max=4.75e+06 p99=9.26e+03 | K_term max=1.513 p99=0.567 | K_mag max=116 | np.cos!=glibc 0 | np.log!=glibc 0
RBFSampler nf=16 gamma=1.0 std                       lanes=100000 ulp max=2.22e+05 p99=289 | K_term max=1.718 p99=0.618 | K_mag max=9.98 | np.cos!=glibc 0 | np.log!=glibc 0
RBFSampler nf=16 gamma=1.0 offset100                 lanes=100000 ulp max=6.64e+07 p99=2.78e+04 | K_term max=1.742 p99=0.570 | K_mag max=302 | np.cos!=glibc 0 | np.log!=glibc 0
RBFSampler nf=16 gamma=scale std                     lanes=100000 ulp max=1.48e+05 p99=72 | K_term max=1.276 p99=0.515 | K_mag max=5.03 | np.cos!=glibc 0 | np.log!=glibc 0
RBFSampler nf=16 gamma=scale offset100               lanes=100000 ulp max=1.9e+07 p99=6.95e+03 | K_term max=1.528 p99=0.566 | K_mag max=93.4 | np.cos!=glibc 0 | np.log!=glibc 0
RBFSampler nf=64 gamma=0.1 std                       lanes=100000 ulp max=1.78e+06 p99=290 | K_term max=2.379 p99=0.610 | K_mag max=12.2 | np.cos!=glibc 0 | np.log!=glibc 0
RBFSampler nf=64 gamma=0.1 offset100                 lanes=100000 ulp max=1.14e+08 p99=3.71e+04 | K_term max=1.744 p99=0.596 | K_mag max=113 | np.cos!=glibc 0 | np.log!=glibc 0
RBFSampler nf=64 gamma=1.0 std                       lanes=100000 ulp max=1.78e+06 p99=1.16e+03 | K_term max=1.824 p99=0.673 | K_mag max=30.4 | np.cos!=glibc 0 | np.log!=glibc 0
RBFSampler nf=64 gamma=1.0 offset100                 lanes=100000 ulp max=5.69e+07 p99=1.11e+05 | K_term max=1.700 p99=0.581 | K_mag max=87.3 | np.cos!=glibc 0 | np.log!=glibc 0
RBFSampler nf=64 gamma=scale std                     lanes=100000 ulp max=1.48e+05 p99=145 | K_term max=1.878 p99=0.534 | K_mag max=6.65 | np.cos!=glibc 0 | np.log!=glibc 0
RBFSampler nf=64 gamma=scale offset100               lanes=100000 ulp max=1.07e+07 p99=1.39e+04 | K_term max=1.683 p99=0.582 | K_mag max=94.6 | np.cos!=glibc 0 | np.log!=glibc 0
SkewedChi2 nf=4 s=1.0 unif0-10                       lanes=100000 ulp max=1.85e+04 p99=34 | K_term max=1.289 p99=0.510 | K_mag max=2.01 | np.cos!=glibc 0 | np.log!=glibc 2
SkewedChi2 nf=4 s=1.0 lognormal                      lanes=100000 ulp max=1.48e+05 p99=18 | K_term max=1.368 p99=0.487 | K_mag max=3.12 | np.cos!=glibc 0 | np.log!=glibc 13
SkewedChi2 nf=4 s=1.0 sparsehist                     lanes=100000 ulp max=1.16e+03 p99=5 | K_term max=0.869 p99=0.303 | K_mag max=0.869 | np.cos!=glibc 0 | np.log!=glibc 0
SkewedChi2 nf=4 s=0.01 unif0-10                      lanes=100000 ulp max=3.71e+04 p99=18 | K_term max=1.393 p99=0.504 | K_mag max=1.82 | np.cos!=glibc 0 | np.log!=glibc 4
SkewedChi2 nf=4 s=0.01 lognormal                     lanes=100000 ulp max=5.93e+05 p99=35 | K_term max=1.352 p99=0.518 | K_mag max=2.45 | np.cos!=glibc 0 | np.log!=glibc 8
SkewedChi2 nf=4 s=0.01 sparsehist                    lanes=100000 ulp max=9.27e+03 p99=71 | K_term max=1.396 p99=0.569 | K_mag max=3.54 | np.cos!=glibc 0 | np.log!=glibc 0
SkewedChi2 nf=16 s=1.0 unif0-10                      lanes=100000 ulp max=2.97e+05 p99=145 | K_term max=1.348 p99=0.555 | K_mag max=5.91 | np.cos!=glibc 0 | np.log!=glibc 8
SkewedChi2 nf=16 s=1.0 lognormal                     lanes=100000 ulp max=5.93e+05 p99=145 | K_term max=2.022 p99=0.620 | K_mag max=7.42 | np.cos!=glibc 0 | np.log!=glibc 70
SkewedChi2 nf=16 s=1.0 sparsehist                    lanes=100000 ulp max=1.48e+05 p99=36 | K_term max=1.253 p99=0.492 | K_mag max=3.3 | np.cos!=glibc 0 | np.log!=glibc 0
SkewedChi2 nf=16 s=0.01 unif0-10                     lanes=100000 ulp max=7.41e+04 p99=145 | K_term max=1.692 p99=0.562 | K_mag max=6.89 | np.cos!=glibc 0 | np.log!=glibc 22
SkewedChi2 nf=16 s=0.01 lognormal                    lanes=100000 ulp max=2.97e+05 p99=145 | K_term max=1.478 p99=0.596 | K_mag max=8.57 | np.cos!=glibc 0 | np.log!=glibc 23
SkewedChi2 nf=16 s=0.01 sparsehist                   lanes=100000 ulp max=5.93e+05 p99=289 | K_term max=1.815 p99=0.714 | K_mag max=10.3 | np.cos!=glibc 0 | np.log!=glibc 0
SkewedChi2 nf=64 s=1.0 unif0-10                      lanes=100000 ulp max=4.45e+05 p99=579 | K_term max=1.559 p99=0.581 | K_mag max=22.1 | np.cos!=glibc 0 | np.log!=glibc 41
SkewedChi2 nf=64 s=1.0 lognormal                     lanes=100000 ulp max=9.49e+06 p99=579 | K_term max=2.120 p99=0.741 | K_mag max=18.1 | np.cos!=glibc 0 | np.log!=glibc 233
SkewedChi2 nf=64 s=1.0 sparsehist                    lanes=100000 ulp max=3.71e+04 p99=145 | K_term max=1.457 p99=0.510 | K_mag max=8.11 | np.cos!=glibc 0 | np.log!=glibc 0
SkewedChi2 nf=64 s=0.01 unif0-10                     lanes=100000 ulp max=4.75e+06 p99=579 | K_term max=1.996 p99=0.592 | K_mag max=18.9 | np.cos!=glibc 0 | np.log!=glibc 76
SkewedChi2 nf=64 s=0.01 lognormal                    lanes=100000 ulp max=1.78e+06 p99=580 | K_term max=2.010 p99=0.701 | K_mag max=21.2 | np.cos!=glibc 0 | np.log!=glibc 100
SkewedChi2 nf=64 s=0.01 sparsehist                   lanes=100000 ulp max=1.19e+06 p99=1.16e+03 | K_term max=1.937 p99=0.774 | K_mag max=27.6 | np.cos!=glibc 0 | np.log!=glibc 0
POOLED max K_term=2.379  max ulps=1.14e+08
elapsed 10.1s
