pca_all   breast        lanes=  30 test=50569 0.7s
pca_all   wine          lanes=  13 test=50178 0.4s
pca_all   digits        lanes=  64 test=51797 5.3s
pca_all   diabetes      lanes=  10 test=50442 0.4s
pca_all   synth         lanes=  20 test=70000 3.5s
pca_all   synth_redund  lanes=  20 test=70000 3.0s
pca_95    breast        lanes=  10 test=50569 0.5s
pca_95    wine          lanes=  10 test=50178 0.4s
pca_95    digits        lanes=  40 test=51797 2.9s
pca_95    diabetes      lanes=   8 test=50442 0.3s
pca_95    synth         lanes=  19 test=70000 3.9s
pca_95    synth_redund  lanes=  15 test=70000 2.6s
kmeans8   breast        lanes=   8 test=50569 0.5s
kmeans8   wine          lanes=   8 test=50178 0.4s
kmeans8   digits        lanes=   8 test=51797 3.9s
kmeans8   diabetes      lanes=   8 test=50442 0.4s
kmeans8   synth         lanes=   8 test=70000 4.3s
kmeans64  breast        lanes=  64 test=50569 0.8s
kmeans64  digits        lanes=  64 test=51797 59.4s
kmeans64  synth         lanes=  64 test=70000 71.1s
yj_std    breast        lanes=  30 test=50569 1.0s
yj_std    wine          lanes=  13 test=50178 0.6s
yj_std    digits        lanes=  64 test=51797 5.3s
yj_std    diabetes      lanes=  10 test=50442 0.5s
yj_std    synth         lanes=  20 test=70000 4.1s
yj_std    synth_pos     lanes=  20 test=70000 4.5s
chi2      breast        lanes=  90 test=50569 0.7s
chi2      wine          lanes=  39 test=50178 0.5s
chi2      digits        lanes= 192 test=51797 7.8s
chi2      synth_pos     lanes=  60 test=70000 15.1s
